$ git init
Reinitialized existing Git repository in C:/Users/paymentstech1/Desktop/Card_Management_Src/APTcards1/.git/

paymentstech1@APT-Server MINGW64 ~/Desktop/Card_Management_Src/APTcards1 (master)
$ git add -A

paymentstech1@APT-Server MINGW64 ~/Desktop/Card_Management_Src/APTcards1 (master)
$  git commit -m "Initial Commit"
[master (root-commit) 208259d] Initial Commit
 166 files changed, 22812 insertions(+)
 create mode 100644 src/Accountnumbergenerator.java
 create mode 100644 src/AddAccountSaveServlet.java
 create mode 100644 src/AddAccountServlet.java
 create mode 100644 src/AddAccountServlet0.java
 create mode 100644 src/AddNewComponentsServlet.java
 create mode 100644 src/AllDelete1.java
 create mode 100644 src/AllDeleteIssuer.java
 create mode 100644 src/CVV.java
 create mode 100644 src/CardBatchesServlet.java
 create mode 100644 src/CardBatchesServlet1.java
 create mode 100644 src/CardBatchesServlet2.java
 create mode 100644 src/CardProgramLimitsServlet.java
 create mode 100644 src/CardProgramServlet.java
 create mode 100644 src/CardProgramServlet0.java
 create mode 100644 src/CardProgramServlet1.java
 create mode 100644 src/CardProgramServlet2.java
 create mode 100644 src/CardProgramServlet3.java
 create mode 100644 src/CardServlet.java
 create mode 100644 src/CardServlet0.java
 create mode 100644 src/CardServlet00.java
 create mode 100644 src/CardServlet1.java
 create mode 100644 src/CardServlet2.java
 create mode 100644 src/CardServlet3.java
 create mode 100644 src/CardServlet4.java
 create mode 100644 src/CardTempBatches.java
 create mode 100644 src/ContactPersonServlet.java
 create mode 100644 src/CustomerIdGenerator.java
 create mode 100644 src/DBConnection.java
 create mode 100644 src/DeleteAccountProductServlet.java
 create mode 100644 src/DeleteCardBatches.java
 create mode 100644 src/DeleteCardProgramServlet.java
 create mode 100644 src/DeleteCardServlet.java
 create mode 100644 src/DeleteIssuerServlet.java
 create mode 100644 src/DeleteLimitsProfileServlet.java
 create mode 100644 src/EXtendedFieldSaveServlet.java
 create mode 100644 src/EditAccount.java
 create mode 100644 src/EditAccounts01.java
 create mode 100644 src/EditCardPgmServlet.java
 create mode 100644 src/EditCardPgmServlet1.java
 create mode 100644 src/EditIssuerServlet1.java
 create mode 100644 src/EditIssuerServlet2.java
 create mode 100644 src/EditLimitsProfile.java
 create mode 100644 src/EditLimitsProfile1.java
 create mode 100644 src/EmployeeServlet.java
 create mode 100644 src/EmployeeServlet1.java
 create mode 100644 src/ErrorServlet.java
 create mode 100644 src/ExtendedFieldDefinitionServlet.java
 create mode 100644 src/FinancialInstitutionDeleteServlet.java
 create mode 100644 src/FinancialInstitutionpswusr.java
 create mode 100644 src/FindAccoubtsServlet.java
 create mode 100644 src/FindAccountProductServlet.java
 create mode 100644 src/FindAccountProductServlet1.java
 create mode 100644 src/FindAccountProductServlet2.java
 create mode 100644 src/FindAccountServlet.java
 create mode 100644 src/FindCardAnonymousBatches.java
 create mode 100644 src/FindCardAnonymousBatches1.java
 create mode 100644 src/FindCardAnonymousBatches2.java
 create mode 100644 src/FindCardBatches.java
 create mode 100644 src/FindCardBatches1.java
 create mode 100644 src/FindCardBatches2.java
 create mode 100644 src/FindCardProgramServlet.java
 create mode 100644 src/FindCardServlet.java
 create mode 100644 src/FindCardViewServlet.java
 create mode 100644 src/FindEmployeeServlet.java
 create mode 100644 src/FindFIServlet.java
 create mode 100644 src/FindIssuerServlet.java
 create mode 100644 src/FindLimitsProfileServlet.java
 create mode 100644 src/FindLimitsProfileServlet1.java
 create mode 100644 src/FindRetailCustomerServlet.java
 create mode 100644 src/GetAccountServlet.java
 create mode 100644 src/HoldResponseCodeCustomServlet.java
 create mode 100644 src/HoldResponseCodeServlet.java
 create mode 100644 src/IssuerContactPersonSaveServlet.java
 create mode 100644 src/IssuerMailerAddressServlet.java
 create mode 100644 src/IssuerMailerLineSaveServlet.java
 create mode 100644 src/IssuerPinMailerBusinessAddressServlet.java
 create mode 100644 src/IssuerPinMailerBusinessSaveServlet.java
 create mode 100644 src/IssuerPinMailerSaveServlet.java
 create mode 100644 src/IssuerPinMailerServlet.java
 create mode 100644 src/IssuerServlet.java
 create mode 100644 src/IssuerServlet1.java
 create mode 100644 src/IssuerServlet2.java
 create mode 100644 src/IssuerServlet3.java
 create mode 100644 src/IssuerServlet4.java
 create mode 100644 src/LimitsProfileServlet.java
 create mode 100644 src/LimitsProfileServlet1.java
 create mode 100644 src/LimitsProfileServlet2.java
 create mode 100644 src/MyClient1.java
 create mode 100644 src/MyServer1.java
 create mode 100644 src/NewAccountProductServlet.java
 create mode 100644 src/NewAccountProductServlet1.java
 create mode 100644 src/NewAccountProductServlet2.java
 create mode 100644 src/NewAccountSaveServlet.java
 create mode 100644 src/NewAccountServlet.java
 create mode 100644 src/NewAccountServlet1.java
 create mode 100644 src/NewAccountServlet2.java
 create mode 100644 src/NewCardServlet.java
 create mode 100644 src/NewCardServlet1.java
 create mode 100644 src/NewCustomerServlet.java
 create mode 100644 src/NewCustomerServlet1.java
 create mode 100644 src/NewCustomers.java
 create mode 100644 src/NewEmployeeSaveServlet.java
 create mode 100644 src/NewFIServlet.java
 create mode 100644 src/NewFIpswusrServlet.java
 create mode 100644 src/NewFinancialInstitutionServlet.java
 create mode 100644 src/NewRole.java
 create mode 100644 src/NewRole1.java
 create mode 100644 src/NewRole10.java
 create mode 100644 src/NewRole11.java
 create mode 100644 src/NewRole12.java
 create mode 100644 src/NewRole2.java
 create mode 100644 src/NewRole3.java
 create mode 100644 src/NewRole4.java
 create mode 100644 src/NewRole5.java
 create mode 100644 src/NewRole6.java
 create mode 100644 src/NewRole7.java
 create mode 100644 src/NewRole8.java
 create mode 100644 src/NewRole9.java
 create mode 100644 src/NewRoleSaveServlet.java
 create mode 100644 src/NewRoleSaveServlet1.java
 create mode 100644 src/NewRoleSaveServlet10.java
 create mode 100644 src/NewRoleSaveServlet11.java
 create mode 100644 src/NewRoleSaveServlet12.java
 create mode 100644 src/NewRoleSaveServlet2.java
 create mode 100644 src/NewRoleSaveServlet3.java
 create mode 100644 src/NewRoleSaveServlet4.java
 create mode 100644 src/NewRoleSaveServlet5.java
 create mode 100644 src/NewRoleSaveServlet6.java
 create mode 100644 src/NewRoleSaveServlet7.java
 create mode 100644 src/NewRoleSaveServlet8.java
 create mode 100644 src/NewRoleSaveServlet9.java
 create mode 100644 src/PipeLineServlet.java
 create mode 100644 src/Procedure.java
 create mode 100644 src/PullInfoServlet1.java
 create mode 100644 src/Pull_Info.java
 create mode 100644 src/RandomNumberGenerator.java
 create mode 100644 src/RandomNumberGenerator1.java
 create mode 100644 src/RegistrationServlet.java
 create mode 100644 src/Role.java
 create mode 100644 src/RoleServlet.java
 create mode 100644 src/RoleServlet_0.java
 create mode 100644 src/RoleServlet_1.java
 create mode 100644 src/RoleServlet_2.java
 create mode 100644 src/RoleServlet_3.java
 create mode 100644 src/RoleServlet_4.java
 create mode 100644 src/RoleServlet_5.java
 create mode 100644 src/RoleServlet_6.java
 create mode 100644 src/RoleServlet_7.java
 create mode 100644 src/Saveservlet.java
 create mode 100644 src/ScheduledJobServlet1.java
 create mode 100644 src/ScheduledJobServlet2.java
 create mode 100644 src/Test123.java
 create mode 100644 src/TestJava.java
 create mode 100644 src/ViewAccountServlet.java
 create mode 100644 src/ViewCardBatchesServlet.java
 create mode 100644 src/ViewCardProgramServlet.java
 create mode 100644 src/ViewCardServlet.java
 create mode 100644 src/ViewEmployeeServlet.java
 create mode 100644 src/ViewFIServlet.java
 create mode 100644 src/ViewIssuerServlet.java
 create mode 100644 src/ViewLimitsProfileServlet.java
 create mode 100644 src/connection_table.java
 create mode 100644 src/connection_table1.java
 create mode 100644 src/pullInfoservlet.java
 create mode 100644 src/test2servlet.java
 create mode 100644 src/testservlet.java

paymentstech1@APT-Server MINGW64 ~/Desktop/Card_Management_Src/APTcards1 (master)
$ git init
Reinitialized existing Git repository in C:/Users/paymentstech1/Desktop/Card_Management_Src/APTcards1/.git/

paymentstech1@APT-Server MINGW64 ~/Desktop/Card_Management_Src/APTcards1 (master)
$ git add .

paymentstech1@APT-Server MINGW64 ~/Desktop/Card_Management_Src/APTcards1 (master)
$ git remote add origin https://appliedpaymentstech@bitbucket.org/appliedpaymentstech/card-management-source-code.git
fatal: remote origin already exists.

paymentstech1@APT-Server MINGW64 ~/Desktop/Card_Management_Src/APTcards1 (master)
$ git push -u origin master

Counting objects: 169, done.
Delta compression using up to 4 threads.
Compressing objects: 100% (168/168), done.
Writing objects: 100% (169/169), 172.10 KiB | 4.20 MiB/s, done.
Total 169 (delta 108), reused 0 (delta 0)
remote: Resolving deltas: 100% (108/108), done.
To https://bitbucket.org/appliedpaymentstech/card-management-source-code.git
 * [new branch]      master -> master
Branch 'master' set up to track remote branch 'master' from 'origin'.

paymentstech1@APT-Server MINGW64 ~/Desktop/Card_Management_Src/APTcards1 (master)
$

paymentstech1@APT-Server MINGW64 ~/Desktop/Card_Management_Src/APTcards1 (master)
$
